// Jest Snapshot v1, https://goo.gl/fbAQLP

exports[`Testing the App component should render correctly to the dom 1`] = `null`;
